// Jest Snapshot v1, https://goo.gl/fbAQLP

exports[`#toJSON converts XDR to JSON 1`] = `
Object {
  "authorize": true,
  "color": "green",
  "fee": 100,
  "lat": 37.7645352,
  "lon": -122.421069,
  "msg": "hello world",
  "offerId": "12345",
  "opaque": "AAAB",
  "signedSequence": "-1059",
  "theVoid": undefined,
  "varOpaque": "AAE=",
  "version": -1,
}
`;
